// Jest Snapshot v1, https://goo.gl/fbAQLP

exports[`Divider should render without crashing 1`] = `
<div>
  <div
    class="h-0.5 rounded-sm bg-orange w-full"
  />
</div>
`;
