// Jest Snapshot v1, https://goo.gl/fbAQLP

exports[`Error Modal should render without crashing 1`] = `<div />`;
