// Jest Snapshot v1, https://goo.gl/fbAQLP

exports[`Form Error Message should render without crashing 1`] = `
<div>
  <div
    class="my-2 text-xs text-red"
  >
    @#$%^&*()qwerty
  </div>
</div>
`;
